[2023-04-10T15:02:46.675+0300][gc,heap] Heap region size: 1M
[2023-04-10T15:02:46.685+0300][gc     ] Using G1
[2023-04-10T15:02:46.685+0300][gc,heap,coops] Heap address: 0x00000000c0000000, size: 1024 MB, Compressed Oops mode: 32-bit
[2023-04-10T15:02:46.685+0300][gc,cds       ] Mark closed archive regions in map: [0x00000000fff00000, 0x00000000fff6aff8]
[2023-04-10T15:02:46.685+0300][gc,cds       ] Mark open archive regions in map: [0x00000000ffe00000, 0x00000000ffe47ff8]
[2023-04-10T15:02:47.797+0300][gc,start     ] GC(0) Pause Young (Normal) (G1 Evacuation Pause)
[2023-04-10T15:02:47.798+0300][gc,task      ] GC(0) Using 4 workers of 4 for evacuation
[2023-04-10T15:02:47.815+0300][gc,phases    ] GC(0)   Pre Evacuate Collection Set: 0,0ms
[2023-04-10T15:02:47.815+0300][gc,phases    ] GC(0)   Evacuate Collection Set: 16,0ms
[2023-04-10T15:02:47.815+0300][gc,phases    ] GC(0)   Post Evacuate Collection Set: 0,8ms
[2023-04-10T15:02:47.815+0300][gc,phases    ] GC(0)   Other: 0,7ms
[2023-04-10T15:02:47.815+0300][gc,heap      ] GC(0) Eden regions: 51->0(44)
[2023-04-10T15:02:47.815+0300][gc,heap      ] GC(0) Survivor regions: 0->7(7)
[2023-04-10T15:02:47.815+0300][gc,heap      ] GC(0) Old regions: 2->2
[2023-04-10T15:02:47.815+0300][gc,heap      ] GC(0) Humongous regions: 0->0
[2023-04-10T15:02:47.815+0300][gc,metaspace ] GC(0) Metaspace: 14481K(15360K)->14481K(15360K) NonClass: 12463K(13056K)->12463K(13056K) Class: 2018K(2304K)->2018K(2304K)
[2023-04-10T15:02:47.815+0300][gc           ] GC(0) Pause Young (Normal) (G1 Evacuation Pause) 51M->7M(1024M) 17,504ms
[2023-04-10T15:02:47.815+0300][gc,cpu       ] GC(0) User=0,04s Sys=0,01s Real=0,02s
[2023-04-10T15:02:48.328+0300][gc,start     ] GC(1) Pause Young (Concurrent Start) (Metadata GC Threshold)
[2023-04-10T15:02:48.328+0300][gc,task      ] GC(1) Using 4 workers of 4 for evacuation
[2023-04-10T15:02:48.346+0300][gc,phases    ] GC(1)   Pre Evacuate Collection Set: 0,1ms
[2023-04-10T15:02:48.346+0300][gc,phases    ] GC(1)   Evacuate Collection Set: 17,2ms
[2023-04-10T15:02:48.346+0300][gc,phases    ] GC(1)   Post Evacuate Collection Set: 0,3ms
[2023-04-10T15:02:48.346+0300][gc,phases    ] GC(1)   Other: 0,2ms
[2023-04-10T15:02:48.346+0300][gc,heap      ] GC(1) Eden regions: 26->0(49)
[2023-04-10T15:02:48.346+0300][gc,heap      ] GC(1) Survivor regions: 7->2(7)
[2023-04-10T15:02:48.346+0300][gc,heap      ] GC(1) Old regions: 2->9
[2023-04-10T15:02:48.346+0300][gc,heap      ] GC(1) Humongous regions: 0->0
[2023-04-10T15:02:48.346+0300][gc,metaspace ] GC(1) Metaspace: 20598K(21248K)->20598K(21248K) NonClass: 17802K(18176K)->17802K(18176K) Class: 2796K(3072K)->2796K(3072K)
[2023-04-10T15:02:48.346+0300][gc           ] GC(1) Pause Young (Concurrent Start) (Metadata GC Threshold) 32M->8M(1024M) 17,956ms
[2023-04-10T15:02:48.346+0300][gc,cpu       ] GC(1) User=0,04s Sys=0,00s Real=0,02s
[2023-04-10T15:02:48.346+0300][gc           ] GC(2) Concurrent Cycle
[2023-04-10T15:02:48.346+0300][gc,marking   ] GC(2) Concurrent Clear Claimed Marks
[2023-04-10T15:02:48.346+0300][gc,marking   ] GC(2) Concurrent Clear Claimed Marks 0,042ms
[2023-04-10T15:02:48.346+0300][gc,marking   ] GC(2) Concurrent Scan Root Regions
[2023-04-10T15:02:48.347+0300][gc,marking   ] GC(2) Concurrent Scan Root Regions 0,971ms
[2023-04-10T15:02:48.347+0300][gc,marking   ] GC(2) Concurrent Mark (1,676s)
[2023-04-10T15:02:48.347+0300][gc,marking   ] GC(2) Concurrent Mark From Roots
[2023-04-10T15:02:48.347+0300][gc,task      ] GC(2) Using 1 workers of 1 for marking
[2023-04-10T15:02:48.358+0300][gc,marking   ] GC(2) Concurrent Mark From Roots 10,846ms
[2023-04-10T15:02:48.358+0300][gc,marking   ] GC(2) Concurrent Preclean
[2023-04-10T15:02:48.358+0300][gc,marking   ] GC(2) Concurrent Preclean 0,087ms
[2023-04-10T15:02:48.358+0300][gc,marking   ] GC(2) Concurrent Mark (1,676s, 1,687s) 10,980ms
[2023-04-10T15:02:48.362+0300][gc,start     ] GC(2) Pause Remark
[2023-04-10T15:02:48.364+0300][gc,stringtable] GC(2) Cleaned string and symbol table, strings: 5190 processed, 0 removed, symbols: 52457 processed, 60 removed
[2023-04-10T15:02:48.364+0300][gc            ] GC(2) Pause Remark 9M->9M(1024M) 1,956ms
[2023-04-10T15:02:48.364+0300][gc,cpu        ] GC(2) User=0,01s Sys=0,00s Real=0,00s
[2023-04-10T15:02:48.364+0300][gc,marking    ] GC(2) Concurrent Rebuild Remembered Sets
[2023-04-10T15:02:48.376+0300][gc,marking    ] GC(2) Concurrent Rebuild Remembered Sets 12,379ms
[2023-04-10T15:02:48.377+0300][gc,start      ] GC(2) Pause Cleanup
[2023-04-10T15:02:48.377+0300][gc            ] GC(2) Pause Cleanup 10M->10M(1024M) 0,363ms
[2023-04-10T15:02:48.377+0300][gc,cpu        ] GC(2) User=0,00s Sys=0,00s Real=0,00s
[2023-04-10T15:02:48.377+0300][gc,marking    ] GC(2) Concurrent Cleanup for Next Mark
[2023-04-10T15:02:48.384+0300][gc,marking    ] GC(2) Concurrent Cleanup for Next Mark 6,793ms
[2023-04-10T15:02:48.384+0300][gc            ] GC(2) Concurrent Cycle 37,690ms
[2023-04-10T15:02:49.050+0300][gc,start      ] GC(3) Pause Young (Normal) (GCLocker Initiated GC)
[2023-04-10T15:02:49.050+0300][gc,task       ] GC(3) Using 4 workers of 4 for evacuation
[2023-04-10T15:02:49.061+0300][gc,phases     ] GC(3)   Pre Evacuate Collection Set: 0,0ms
[2023-04-10T15:02:49.061+0300][gc,phases     ] GC(3)   Evacuate Collection Set: 10,2ms
[2023-04-10T15:02:49.061+0300][gc,phases     ] GC(3)   Post Evacuate Collection Set: 0,6ms
[2023-04-10T15:02:49.061+0300][gc,phases     ] GC(3)   Other: 0,2ms
[2023-04-10T15:02:49.061+0300][gc,heap       ] GC(3) Eden regions: 50->0(46)
[2023-04-10T15:02:49.061+0300][gc,heap       ] GC(3) Survivor regions: 2->5(7)
[2023-04-10T15:02:49.061+0300][gc,heap       ] GC(3) Old regions: 9->9
[2023-04-10T15:02:49.061+0300][gc,heap       ] GC(3) Humongous regions: 129->129
[2023-04-10T15:02:49.061+0300][gc,metaspace  ] GC(3) Metaspace: 28718K(29824K)->28718K(29824K) NonClass: 25009K(25600K)->25009K(25600K) Class: 3708K(4224K)->3708K(4224K)
[2023-04-10T15:02:49.061+0300][gc            ] GC(3) Pause Young (Normal) (GCLocker Initiated GC) 186M->140M(1024M) 11,134ms
[2023-04-10T15:02:49.061+0300][gc,cpu        ] GC(3) User=0,04s Sys=0,00s Real=0,02s
[2023-04-10T15:02:49.425+0300][gc,start      ] GC(4) Pause Young (Concurrent Start) (Metadata GC Threshold)
[2023-04-10T15:02:49.425+0300][gc,task       ] GC(4) Using 4 workers of 4 for evacuation
[2023-04-10T15:02:49.432+0300][gc,phases     ] GC(4)   Pre Evacuate Collection Set: 0,1ms
[2023-04-10T15:02:49.432+0300][gc,phases     ] GC(4)   Evacuate Collection Set: 6,5ms
[2023-04-10T15:02:49.432+0300][gc,phases     ] GC(4)   Post Evacuate Collection Set: 0,4ms
[2023-04-10T15:02:49.432+0300][gc,phases     ] GC(4)   Other: 0,2ms
[2023-04-10T15:02:49.432+0300][gc,heap       ] GC(4) Eden regions: 29->0(45)
[2023-04-10T15:02:49.432+0300][gc,heap       ] GC(4) Survivor regions: 5->6(7)
[2023-04-10T15:02:49.432+0300][gc,heap       ] GC(4) Old regions: 9->10
[2023-04-10T15:02:49.432+0300][gc,heap       ] GC(4) Humongous regions: 129->129
[2023-04-10T15:02:49.432+0300][gc,metaspace  ] GC(4) Metaspace: 34518K(35840K)->34518K(35840K) NonClass: 30132K(30848K)->30132K(30848K) Class: 4385K(4992K)->4385K(4992K)
[2023-04-10T15:02:49.432+0300][gc            ] GC(4) Pause Young (Concurrent Start) (Metadata GC Threshold) 169M->142M(1024M) 7,253ms
[2023-04-10T15:02:49.432+0300][gc,cpu        ] GC(4) User=0,02s Sys=0,00s Real=0,01s
[2023-04-10T15:02:49.432+0300][gc            ] GC(5) Concurrent Cycle
[2023-04-10T15:02:49.433+0300][gc,marking    ] GC(5) Concurrent Clear Claimed Marks
[2023-04-10T15:02:49.433+0300][gc,marking    ] GC(5) Concurrent Clear Claimed Marks 0,074ms
[2023-04-10T15:02:49.433+0300][gc,marking    ] GC(5) Concurrent Scan Root Regions
[2023-04-10T15:02:49.440+0300][gc,marking    ] GC(5) Concurrent Scan Root Regions 6,951ms
[2023-04-10T15:02:49.440+0300][gc,marking    ] GC(5) Concurrent Mark (2,768s)
[2023-04-10T15:02:49.440+0300][gc,marking    ] GC(5) Concurrent Mark From Roots
[2023-04-10T15:02:49.440+0300][gc,task       ] GC(5) Using 1 workers of 1 for marking
[2023-04-10T15:02:49.454+0300][gc,marking    ] GC(5) Concurrent Mark From Roots 14,178ms
[2023-04-10T15:02:49.454+0300][gc,marking    ] GC(5) Concurrent Preclean
[2023-04-10T15:02:49.454+0300][gc,marking    ] GC(5) Concurrent Preclean 0,084ms
[2023-04-10T15:02:49.454+0300][gc,marking    ] GC(5) Concurrent Mark (2,768s, 2,782s) 14,308ms
[2023-04-10T15:02:49.454+0300][gc,start      ] GC(5) Pause Remark
[2023-04-10T15:02:49.456+0300][gc,stringtable] GC(5) Cleaned string and symbol table, strings: 10498 processed, 12 removed, symbols: 84451 processed, 14 removed
[2023-04-10T15:02:49.457+0300][gc            ] GC(5) Pause Remark 143M->143M(1024M) 2,373ms
[2023-04-10T15:02:49.457+0300][gc,cpu        ] GC(5) User=0,01s Sys=0,00s Real=0,00s
[2023-04-10T15:02:49.457+0300][gc,marking    ] GC(5) Concurrent Rebuild Remembered Sets
[2023-04-10T15:02:49.476+0300][gc,marking    ] GC(5) Concurrent Rebuild Remembered Sets 19,882ms
[2023-04-10T15:02:49.477+0300][gc,start      ] GC(5) Pause Cleanup
[2023-04-10T15:02:49.477+0300][gc            ] GC(5) Pause Cleanup 147M->147M(1024M) 0,181ms
[2023-04-10T15:02:49.477+0300][gc,cpu        ] GC(5) User=0,00s Sys=0,00s Real=0,00s
[2023-04-10T15:02:49.477+0300][gc,marking    ] GC(5) Concurrent Cleanup for Next Mark
[2023-04-10T15:02:49.486+0300][gc,marking    ] GC(5) Concurrent Cleanup for Next Mark 8,964ms
[2023-04-10T15:02:49.486+0300][gc            ] GC(5) Concurrent Cycle 53,666ms
[2023-04-10T15:23:19.396+0300][gc,start      ] GC(6) Pause Young (Normal) (G1 Evacuation Pause)
[2023-04-10T15:23:19.396+0300][gc,task       ] GC(6) Using 4 workers of 4 for evacuation
[2023-04-10T15:23:19.422+0300][gc,mmu        ] GC(6) MMU target violated: 21,0ms (20,0ms/21,0ms)
[2023-04-10T15:23:19.422+0300][gc,phases     ] GC(6)   Pre Evacuate Collection Set: 0,4ms
[2023-04-10T15:23:19.422+0300][gc,phases     ] GC(6)   Evacuate Collection Set: 24,1ms
[2023-04-10T15:23:19.422+0300][gc,phases     ] GC(6)   Post Evacuate Collection Set: 1,0ms
[2023-04-10T15:23:19.422+0300][gc,phases     ] GC(6)   Other: 0,8ms
[2023-04-10T15:23:19.422+0300][gc,heap       ] GC(6) Eden regions: 45->0(47)
[2023-04-10T15:23:19.422+0300][gc,heap       ] GC(6) Survivor regions: 6->4(7)
[2023-04-10T15:23:19.422+0300][gc,heap       ] GC(6) Old regions: 10->13
[2023-04-10T15:23:19.422+0300][gc,heap       ] GC(6) Humongous regions: 129->129
[2023-04-10T15:23:19.422+0300][gc,metaspace  ] GC(6) Metaspace: 41371K(43904K)->41371K(43904K) NonClass: 35612K(36864K)->35612K(36864K) Class: 5758K(7040K)->5758K(7040K)
[2023-04-10T15:23:19.422+0300][gc            ] GC(6) Pause Young (Normal) (G1 Evacuation Pause) 187M->143M(1024M) 26,404ms
[2023-04-10T15:23:19.422+0300][gc,cpu        ] GC(6) User=0,09s Sys=0,00s Real=0,03s
[2023-04-10T15:29:33.190+0300][gc,start      ] GC(7) Pause Young (Normal) (G1 Evacuation Pause)
[2023-04-10T15:29:33.191+0300][gc,task       ] GC(7) Using 4 workers of 4 for evacuation
[2023-04-10T15:29:33.220+0300][gc,mmu        ] GC(7) MMU target violated: 21,0ms (20,0ms/21,0ms)
[2023-04-10T15:29:33.221+0300][gc,phases     ] GC(7)   Pre Evacuate Collection Set: 0,5ms
[2023-04-10T15:29:33.221+0300][gc,phases     ] GC(7)   Evacuate Collection Set: 25,9ms
[2023-04-10T15:29:33.221+0300][gc,phases     ] GC(7)   Post Evacuate Collection Set: 3,0ms
[2023-04-10T15:29:33.221+0300][gc,phases     ] GC(7)   Other: 0,8ms
[2023-04-10T15:29:33.221+0300][gc,heap       ] GC(7) Eden regions: 47->0(44)
[2023-04-10T15:29:33.221+0300][gc,heap       ] GC(7) Survivor regions: 4->7(7)
[2023-04-10T15:29:33.221+0300][gc,heap       ] GC(7) Old regions: 13->13
[2023-04-10T15:29:33.221+0300][gc,heap       ] GC(7) Humongous regions: 129->129
[2023-04-10T15:29:33.221+0300][gc,metaspace  ] GC(7) Metaspace: 44878K(47872K)->44878K(47872K) NonClass: 38678K(40192K)->38678K(40192K) Class: 6199K(7680K)->6199K(7680K)
[2023-04-10T15:29:33.221+0300][gc            ] GC(7) Pause Young (Normal) (G1 Evacuation Pause) 190M->147M(1024M) 30,210ms
[2023-04-10T15:29:33.221+0300][gc,cpu        ] GC(7) User=0,11s Sys=0,00s Real=0,04s
[2023-04-10T15:40:04.110+0300][gc,start      ] GC(8) Pause Young (Normal) (G1 Evacuation Pause)
[2023-04-10T15:40:04.110+0300][gc,task       ] GC(8) Using 4 workers of 4 for evacuation
[2023-04-10T15:40:04.122+0300][gc,phases     ] GC(8)   Pre Evacuate Collection Set: 0,0ms
[2023-04-10T15:40:04.122+0300][gc,phases     ] GC(8)   Evacuate Collection Set: 11,1ms
[2023-04-10T15:40:04.122+0300][gc,phases     ] GC(8)   Post Evacuate Collection Set: 0,9ms
[2023-04-10T15:40:04.122+0300][gc,phases     ] GC(8)   Other: 0,3ms
[2023-04-10T15:40:04.122+0300][gc,heap       ] GC(8) Eden regions: 44->0(49)
[2023-04-10T15:40:04.122+0300][gc,heap       ] GC(8) Survivor regions: 7->2(7)
[2023-04-10T15:40:04.122+0300][gc,heap       ] GC(8) Old regions: 13->18
[2023-04-10T15:40:04.122+0300][gc,heap       ] GC(8) Humongous regions: 129->129
[2023-04-10T15:40:04.122+0300][gc,metaspace  ] GC(8) Metaspace: 45449K(48512K)->45449K(48512K) NonClass: 39141K(40704K)->39141K(40704K) Class: 6308K(7808K)->6308K(7808K)
[2023-04-10T15:40:04.122+0300][gc            ] GC(8) Pause Young (Normal) (G1 Evacuation Pause) 191M->146M(1024M) 12,460ms
[2023-04-10T15:40:04.122+0300][gc,cpu        ] GC(8) User=0,04s Sys=0,00s Real=0,02s
[2023-04-10T15:44:34.287+0300][gc,heap,exit  ] Heap
[2023-04-10T15:44:34.287+0300][gc,heap,exit  ]  garbage-first heap   total 1048576K, used 182243K [0x00000000c0000000, 0x0000000100000000)
[2023-04-10T15:44:34.287+0300][gc,heap,exit  ]   region size 1024K, 35 young (35840K), 2 survivors (2048K)
[2023-04-10T15:44:34.287+0300][gc,heap,exit  ]  Metaspace       used 46327K, capacity 49405K, committed 49536K, reserved 1091584K
[2023-04-10T15:44:34.287+0300][gc,heap,exit  ]   class space    used 6517K, capacity 8043K, committed 8064K, reserved 1048576K
