[2023-04-10T14:51:37.304+0300][gc,heap] Heap region size: 1M
[2023-04-10T14:51:37.314+0300][gc     ] Using G1
[2023-04-10T14:51:37.314+0300][gc,heap,coops] Heap address: 0x00000000c0000000, size: 1024 MB, Compressed Oops mode: 32-bit
[2023-04-10T14:51:37.314+0300][gc,cds       ] Mark closed archive regions in map: [0x00000000fff00000, 0x00000000fff6aff8]
[2023-04-10T14:51:37.314+0300][gc,cds       ] Mark open archive regions in map: [0x00000000ffe00000, 0x00000000ffe47ff8]
[2023-04-10T14:51:38.468+0300][gc,start     ] GC(0) Pause Young (Normal) (G1 Evacuation Pause)
[2023-04-10T14:51:38.469+0300][gc,task      ] GC(0) Using 4 workers of 4 for evacuation
[2023-04-10T14:51:38.486+0300][gc,phases    ] GC(0)   Pre Evacuate Collection Set: 0,0ms
[2023-04-10T14:51:38.486+0300][gc,phases    ] GC(0)   Evacuate Collection Set: 16,2ms
[2023-04-10T14:51:38.486+0300][gc,phases    ] GC(0)   Post Evacuate Collection Set: 0,6ms
[2023-04-10T14:51:38.486+0300][gc,phases    ] GC(0)   Other: 0,7ms
[2023-04-10T14:51:38.486+0300][gc,heap      ] GC(0) Eden regions: 51->0(44)
[2023-04-10T14:51:38.486+0300][gc,heap      ] GC(0) Survivor regions: 0->7(7)
[2023-04-10T14:51:38.486+0300][gc,heap      ] GC(0) Old regions: 2->2
[2023-04-10T14:51:38.486+0300][gc,heap      ] GC(0) Humongous regions: 0->0
[2023-04-10T14:51:38.486+0300][gc,metaspace ] GC(0) Metaspace: 14464K(15104K)->14464K(15104K) NonClass: 12445K(12800K)->12445K(12800K) Class: 2018K(2304K)->2018K(2304K)
[2023-04-10T14:51:38.486+0300][gc           ] GC(0) Pause Young (Normal) (G1 Evacuation Pause) 51M->7M(1024M) 17,600ms
[2023-04-10T14:51:38.486+0300][gc,cpu       ] GC(0) User=0,04s Sys=0,00s Real=0,02s
[2023-04-10T14:51:56.694+0300][gc,heap,exit ] Heap
[2023-04-10T14:51:56.694+0300][gc,heap,exit ]  garbage-first heap   total 1048576K, used 10452K [0x00000000c0000000, 0x0000000100000000)
[2023-04-10T14:51:56.694+0300][gc,heap,exit ]   region size 1024K, 11 young (11264K), 7 survivors (7168K)
[2023-04-10T14:51:56.694+0300][gc,heap,exit ]  Metaspace       used 15274K, capacity 15802K, committed 16000K, reserved 1062912K
[2023-04-10T14:51:56.694+0300][gc,heap,exit ]   class space    used 2120K, capacity 2332K, committed 2432K, reserved 1048576K
