[2023-03-28T09:46:11.691+0300][gc,heap] Heap region size: 1M
[2023-03-28T09:46:11.702+0300][gc     ] Using G1
[2023-03-28T09:46:11.702+0300][gc,heap,coops] Heap address: 0x00000000c0000000, size: 1024 MB, Compressed Oops mode: 32-bit
[2023-03-28T09:46:11.702+0300][gc,cds       ] Mark closed archive regions in map: [0x00000000fff00000, 0x00000000fff6aff8]
[2023-03-28T09:46:11.702+0300][gc,cds       ] Mark open archive regions in map: [0x00000000ffe00000, 0x00000000ffe47ff8]
[2023-03-28T09:46:13.309+0300][gc,start     ] GC(0) Pause Young (Normal) (G1 Evacuation Pause)
[2023-03-28T09:46:13.310+0300][gc,task      ] GC(0) Using 4 workers of 4 for evacuation
[2023-03-28T09:46:13.339+0300][gc,mmu       ] GC(0) MMU target violated: 21,0ms (20,0ms/21,0ms)
[2023-03-28T09:46:13.339+0300][gc,phases    ] GC(0)   Pre Evacuate Collection Set: 0,0ms
[2023-03-28T09:46:13.339+0300][gc,phases    ] GC(0)   Evacuate Collection Set: 27,8ms
[2023-03-28T09:46:13.339+0300][gc,phases    ] GC(0)   Post Evacuate Collection Set: 0,8ms
[2023-03-28T09:46:13.339+0300][gc,phases    ] GC(0)   Other: 0,9ms
[2023-03-28T09:46:13.339+0300][gc,heap      ] GC(0) Eden regions: 51->0(44)
[2023-03-28T09:46:13.339+0300][gc,heap      ] GC(0) Survivor regions: 0->7(7)
[2023-03-28T09:46:13.339+0300][gc,heap      ] GC(0) Old regions: 2->2
[2023-03-28T09:46:13.339+0300][gc,heap      ] GC(0) Humongous regions: 0->0
[2023-03-28T09:46:13.339+0300][gc,metaspace ] GC(0) Metaspace: 14458K(15104K)->14458K(15104K) NonClass: 12441K(12800K)->12441K(12800K) Class: 2016K(2304K)->2016K(2304K)
[2023-03-28T09:46:13.339+0300][gc           ] GC(0) Pause Young (Normal) (G1 Evacuation Pause) 51M->7M(1024M) 29,567ms
[2023-03-28T09:46:13.339+0300][gc,cpu       ] GC(0) User=0,07s Sys=0,01s Real=0,03s
[2023-03-28T09:46:14.113+0300][gc,start     ] GC(1) Pause Young (Concurrent Start) (Metadata GC Threshold)
[2023-03-28T09:46:14.113+0300][gc,task      ] GC(1) Using 4 workers of 4 for evacuation
[2023-03-28T09:46:14.198+0300][gc,mmu       ] GC(1) MMU target violated: 21,0ms (20,0ms/21,0ms)
[2023-03-28T09:46:14.198+0300][gc,phases    ] GC(1)   Pre Evacuate Collection Set: 0,1ms
[2023-03-28T09:46:14.198+0300][gc,phases    ] GC(1)   Evacuate Collection Set: 81,5ms
[2023-03-28T09:46:14.198+0300][gc,phases    ] GC(1)   Post Evacuate Collection Set: 3,5ms
[2023-03-28T09:46:14.198+0300][gc,phases    ] GC(1)   Other: 0,4ms
[2023-03-28T09:46:14.198+0300][gc,heap      ] GC(1) Eden regions: 26->0(50)
[2023-03-28T09:46:14.198+0300][gc,heap      ] GC(1) Survivor regions: 7->1(7)
[2023-03-28T09:46:14.198+0300][gc,heap      ] GC(1) Old regions: 2->9
[2023-03-28T09:46:14.198+0300][gc,heap      ] GC(1) Humongous regions: 0->0
[2023-03-28T09:46:14.198+0300][gc,metaspace ] GC(1) Metaspace: 20592K(21248K)->20592K(21248K) NonClass: 17796K(18176K)->17796K(18176K) Class: 2796K(3072K)->2796K(3072K)
[2023-03-28T09:46:14.199+0300][gc           ] GC(1) Pause Young (Concurrent Start) (Metadata GC Threshold) 32M->8M(1024M) 85,569ms
[2023-03-28T09:46:14.199+0300][gc,cpu       ] GC(1) User=0,17s Sys=0,04s Real=0,09s
[2023-03-28T09:46:14.199+0300][gc           ] GC(2) Concurrent Cycle
[2023-03-28T09:46:14.199+0300][gc,marking   ] GC(2) Concurrent Clear Claimed Marks
[2023-03-28T09:46:14.199+0300][gc,marking   ] GC(2) Concurrent Clear Claimed Marks 0,065ms
[2023-03-28T09:46:14.199+0300][gc,marking   ] GC(2) Concurrent Scan Root Regions
[2023-03-28T09:46:14.201+0300][gc,marking   ] GC(2) Concurrent Scan Root Regions 1,900ms
[2023-03-28T09:46:14.201+0300][gc,marking   ] GC(2) Concurrent Mark (2,514s)
[2023-03-28T09:46:14.201+0300][gc,marking   ] GC(2) Concurrent Mark From Roots
[2023-03-28T09:46:14.201+0300][gc,task      ] GC(2) Using 1 workers of 1 for marking
[2023-03-28T09:46:14.221+0300][gc,marking   ] GC(2) Concurrent Mark From Roots 20,721ms
[2023-03-28T09:46:14.221+0300][gc,marking   ] GC(2) Concurrent Preclean
[2023-03-28T09:46:14.222+0300][gc,marking   ] GC(2) Concurrent Preclean 0,207ms
[2023-03-28T09:46:14.222+0300][gc,marking   ] GC(2) Concurrent Mark (2,514s, 2,535s) 21,025ms
[2023-03-28T09:46:14.222+0300][gc,start     ] GC(2) Pause Remark
[2023-03-28T09:46:14.225+0300][gc,stringtable] GC(2) Cleaned string and symbol table, strings: 5182 processed, 0 removed, symbols: 52452 processed, 60 removed
[2023-03-28T09:46:14.226+0300][gc            ] GC(2) Pause Remark 9M->9M(1024M) 3,851ms
[2023-03-28T09:46:14.226+0300][gc,cpu        ] GC(2) User=0,01s Sys=0,01s Real=0,00s
[2023-03-28T09:46:14.226+0300][gc,marking    ] GC(2) Concurrent Rebuild Remembered Sets
[2023-03-28T09:46:14.241+0300][gc,marking    ] GC(2) Concurrent Rebuild Remembered Sets 15,041ms
[2023-03-28T09:46:14.241+0300][gc,start      ] GC(2) Pause Cleanup
[2023-03-28T09:46:14.242+0300][gc            ] GC(2) Pause Cleanup 10M->10M(1024M) 0,713ms
[2023-03-28T09:46:14.242+0300][gc,cpu        ] GC(2) User=0,01s Sys=0,00s Real=0,01s
[2023-03-28T09:46:14.242+0300][gc,marking    ] GC(2) Concurrent Cleanup for Next Mark
[2023-03-28T09:46:14.264+0300][gc,marking    ] GC(2) Concurrent Cleanup for Next Mark 22,033ms
[2023-03-28T09:46:14.267+0300][gc            ] GC(2) Concurrent Cycle 68,510ms
[2023-03-28T09:46:15.273+0300][gc,start      ] GC(3) Pause Young (Normal) (G1 Evacuation Pause)
[2023-03-28T09:46:15.273+0300][gc,task       ] GC(3) Using 4 workers of 4 for evacuation
[2023-03-28T09:46:15.292+0300][gc,phases     ] GC(3)   Pre Evacuate Collection Set: 0,3ms
[2023-03-28T09:46:15.292+0300][gc,phases     ] GC(3)   Evacuate Collection Set: 18,1ms
[2023-03-28T09:46:15.292+0300][gc,phases     ] GC(3)   Post Evacuate Collection Set: 1,0ms
[2023-03-28T09:46:15.292+0300][gc,phases     ] GC(3)   Other: 0,2ms
[2023-03-28T09:46:15.292+0300][gc,heap       ] GC(3) Eden regions: 50->0(46)
[2023-03-28T09:46:15.292+0300][gc,heap       ] GC(3) Survivor regions: 1->5(7)
[2023-03-28T09:46:15.292+0300][gc,heap       ] GC(3) Old regions: 9->9
[2023-03-28T09:46:15.293+0300][gc,heap       ] GC(3) Humongous regions: 129->129
[2023-03-28T09:46:15.293+0300][gc,metaspace  ] GC(3) Metaspace: 29001K(30336K)->29001K(30336K) NonClass: 25279K(26112K)->25279K(26112K) Class: 3722K(4224K)->3722K(4224K)
[2023-03-28T09:46:15.293+0300][gc            ] GC(3) Pause Young (Normal) (G1 Evacuation Pause) 187M->140M(1024M) 19,848ms
[2023-03-28T09:46:15.293+0300][gc,cpu        ] GC(3) User=0,05s Sys=0,00s Real=0,02s
[2023-03-28T09:46:15.831+0300][gc,start      ] GC(4) Pause Young (Concurrent Start) (GCLocker Initiated GC)
[2023-03-28T09:46:15.831+0300][gc,task       ] GC(4) Using 4 workers of 4 for evacuation
[2023-03-28T09:46:15.842+0300][gc,phases     ] GC(4)   Pre Evacuate Collection Set: 0,2ms
[2023-03-28T09:46:15.842+0300][gc,phases     ] GC(4)   Evacuate Collection Set: 10,8ms
[2023-03-28T09:46:15.842+0300][gc,phases     ] GC(4)   Post Evacuate Collection Set: 0,6ms
[2023-03-28T09:46:15.842+0300][gc,phases     ] GC(4)   Other: 0,3ms
[2023-03-28T09:46:15.842+0300][gc,heap       ] GC(4) Eden regions: 28->0(45)
[2023-03-28T09:46:15.842+0300][gc,heap       ] GC(4) Survivor regions: 5->6(7)
[2023-03-28T09:46:15.842+0300][gc,heap       ] GC(4) Old regions: 9->10
[2023-03-28T09:46:15.842+0300][gc,heap       ] GC(4) Humongous regions: 129->129
[2023-03-28T09:46:15.842+0300][gc,metaspace  ] GC(4) Metaspace: 34465K(36096K)->34465K(36096K) NonClass: 30087K(30976K)->30087K(30976K) Class: 4378K(5120K)->4378K(5120K)
[2023-03-28T09:46:15.843+0300][gc            ] GC(4) Pause Young (Concurrent Start) (GCLocker Initiated GC) 168M->142M(1024M) 11,904ms
[2023-03-28T09:46:15.843+0300][gc,cpu        ] GC(4) User=0,03s Sys=0,00s Real=0,02s
[2023-03-28T09:46:15.843+0300][gc            ] GC(5) Concurrent Cycle
[2023-03-28T09:46:15.843+0300][gc,marking    ] GC(5) Concurrent Clear Claimed Marks
[2023-03-28T09:46:15.843+0300][gc,marking    ] GC(5) Concurrent Clear Claimed Marks 0,122ms
[2023-03-28T09:46:15.843+0300][gc,marking    ] GC(5) Concurrent Scan Root Regions
[2023-03-28T09:46:15.852+0300][gc,marking    ] GC(5) Concurrent Scan Root Regions 9,347ms
[2023-03-28T09:46:15.852+0300][gc,marking    ] GC(5) Concurrent Mark (4,165s)
[2023-03-28T09:46:15.852+0300][gc,marking    ] GC(5) Concurrent Mark From Roots
[2023-03-28T09:46:15.852+0300][gc,task       ] GC(5) Using 1 workers of 1 for marking
[2023-03-28T09:46:15.884+0300][gc,marking    ] GC(5) Concurrent Mark From Roots 31,782ms
[2023-03-28T09:46:15.884+0300][gc,marking    ] GC(5) Concurrent Preclean
[2023-03-28T09:46:15.884+0300][gc,marking    ] GC(5) Concurrent Preclean 0,131ms
[2023-03-28T09:46:15.884+0300][gc,marking    ] GC(5) Concurrent Mark (4,165s, 4,197s) 31,987ms
[2023-03-28T09:46:15.884+0300][gc,start      ] GC(5) Pause Remark
[2023-03-28T09:46:15.894+0300][gc,stringtable] GC(5) Cleaned string and symbol table, strings: 10351 processed, 13 removed, symbols: 84850 processed, 15 removed
[2023-03-28T09:46:15.894+0300][gc            ] GC(5) Pause Remark 145M->145M(1024M) 9,630ms
[2023-03-28T09:46:15.894+0300][gc,cpu        ] GC(5) User=0,02s Sys=0,00s Real=0,01s
[2023-03-28T09:46:15.894+0300][gc,marking    ] GC(5) Concurrent Rebuild Remembered Sets
[2023-03-28T09:46:15.919+0300][gc,marking    ] GC(5) Concurrent Rebuild Remembered Sets 24,250ms
[2023-03-28T09:46:15.919+0300][gc,start      ] GC(5) Pause Cleanup
[2023-03-28T09:46:15.920+0300][gc            ] GC(5) Pause Cleanup 147M->147M(1024M) 0,605ms
[2023-03-28T09:46:15.920+0300][gc,cpu        ] GC(5) User=0,00s Sys=0,00s Real=0,00s
[2023-03-28T09:46:15.920+0300][gc,marking    ] GC(5) Concurrent Cleanup for Next Mark
[2023-03-28T09:46:15.935+0300][gc,marking    ] GC(5) Concurrent Cleanup for Next Mark 15,307ms
[2023-03-28T09:46:15.935+0300][gc            ] GC(5) Concurrent Cycle 92,724ms
[2023-03-28T09:46:43.722+0300][gc,heap,exit  ] Heap
[2023-03-28T09:46:43.722+0300][gc,heap,exit  ]  garbage-first heap   total 1048576K, used 168257K [0x00000000c0000000, 0x0000000100000000)
[2023-03-28T09:46:43.722+0300][gc,heap,exit  ]   region size 1024K, 30 young (30720K), 6 survivors (6144K)
[2023-03-28T09:46:43.722+0300][gc,heap,exit  ]  Metaspace       used 37437K, capacity 39081K, committed 39296K, reserved 1083392K
[2023-03-28T09:46:43.722+0300][gc,heap,exit  ]   class space    used 4932K, capacity 5726K, committed 5760K, reserved 1048576K
