[2023-03-28T09:43:51.526+0300][gc,heap] Heap region size: 1M
[2023-03-28T09:43:51.532+0300][gc     ] Using G1
[2023-03-28T09:43:51.532+0300][gc,heap,coops] Heap address: 0x00000000e0000000, size: 512 MB, Compressed Oops mode: 32-bit
[2023-03-28T09:43:51.533+0300][gc,cds       ] Mark closed archive regions in map: [0x00000000fff00000, 0x00000000fff6aff8]
[2023-03-28T09:43:51.533+0300][gc,cds       ] Mark open archive regions in map: [0x00000000ffe00000, 0x00000000ffe47ff8]
[2023-03-28T09:43:52.419+0300][gc,start     ] GC(0) Pause Young (Normal) (G1 Evacuation Pause)
[2023-03-28T09:43:52.419+0300][gc,task      ] GC(0) Using 4 workers of 4 for evacuation
[2023-03-28T09:43:52.441+0300][gc,mmu       ] GC(0) MMU target violated: 21,0ms (20,0ms/21,0ms)
[2023-03-28T09:43:52.441+0300][gc,phases    ] GC(0)   Pre Evacuate Collection Set: 0,0ms
[2023-03-28T09:43:52.441+0300][gc,phases    ] GC(0)   Evacuate Collection Set: 20,0ms
[2023-03-28T09:43:52.441+0300][gc,phases    ] GC(0)   Post Evacuate Collection Set: 0,7ms
[2023-03-28T09:43:52.441+0300][gc,phases    ] GC(0)   Other: 1,2ms
[2023-03-28T09:43:52.441+0300][gc,heap      ] GC(0) Eden regions: 25->0(21)
[2023-03-28T09:43:52.441+0300][gc,heap      ] GC(0) Survivor regions: 0->4(4)
[2023-03-28T09:43:52.441+0300][gc,heap      ] GC(0) Old regions: 2->5
[2023-03-28T09:43:52.441+0300][gc,heap      ] GC(0) Humongous regions: 0->0
[2023-03-28T09:43:52.441+0300][gc,metaspace ] GC(0) Metaspace: 7387K(7936K)->7387K(7936K) NonClass: 6562K(6912K)->6562K(6912K) Class: 824K(1024K)->824K(1024K)
[2023-03-28T09:43:52.441+0300][gc           ] GC(0) Pause Young (Normal) (G1 Evacuation Pause) 25M->7M(512M) 21,953ms
[2023-03-28T09:43:52.441+0300][gc,cpu       ] GC(0) User=0,04s Sys=0,00s Real=0,02s
[2023-03-28T09:48:36.597+0300][gc,heap,exit ] Heap
[2023-03-28T09:48:36.597+0300][gc,heap,exit ]  garbage-first heap   total 524288K, used 17876K [0x00000000e0000000, 0x0000000100000000)
[2023-03-28T09:48:36.597+0300][gc,heap,exit ]   region size 1024K, 15 young (15360K), 4 survivors (4096K)
[2023-03-28T09:48:36.597+0300][gc,heap,exit ]  Metaspace       used 8904K, capacity 9243K, committed 9344K, reserved 1056768K
[2023-03-28T09:48:36.597+0300][gc,heap,exit ]   class space    used 976K, capacity 1090K, committed 1152K, reserved 1048576K
